make[1]: which: No such file or directory
  UPD     include/config/kernel.release
  GEN     ./Makefile
  WRAP    arch/arm64/include/generated/uapi/asm/errno.h
  WRAP    arch/arm64/include/generated/uapi/asm/ioctls.h
  WRAP    arch/arm64/include/generated/uapi/asm/ipcbuf.h
  WRAP    arch/arm64/include/generated/uapi/asm/ioctl.h
  WRAP    arch/arm64/include/generated/uapi/asm/kvm_para.h
  WRAP    arch/arm64/include/generated/uapi/asm/mman.h
  WRAP    arch/arm64/include/generated/uapi/asm/msgbuf.h
  WRAP    arch/arm64/include/generated/uapi/asm/poll.h
  WRAP    arch/arm64/include/generated/uapi/asm/sembuf.h
  WRAP    arch/arm64/include/generated/uapi/asm/resource.h
  WRAP    arch/arm64/include/generated/uapi/asm/shmbuf.h
  WRAP    arch/arm64/include/generated/uapi/asm/socket.h
  WRAP    arch/arm64/include/generated/uapi/asm/sockios.h
  WRAP    arch/arm64/include/generated/uapi/asm/swab.h
  WRAP    arch/arm64/include/generated/uapi/asm/termios.h
  WRAP    arch/arm64/include/generated/uapi/asm/types.h
  WRAP    arch/arm64/include/generated/uapi/asm/termbits.h
  UPD     include/generated/uapi/linux/version.h
  UPD     include/generated/utsrelease.h
../drivers/kernelsu/Kbuild:56: "KSU_GIT_VERSION not defined! It is better to make KernelSU-Next a git repository!"
-- KernelSU-Next version fallback: 1
../drivers/kernelsu/Kbuild:67: "KSU_VERSION_TAG not defined! It is better to make KernelSU-Next a git submodule!"
-- KernelSU-Next tag fallback: v0.0.1
-- KernelSU-Next Manager signature size: 0x3e6
-- KernelSU-Next Manager signature hash: 79e590113c4c4c0c222978e413a5faa801666957b1212a328e46c00c69821bf7
../drivers/kernelsu/Kbuild:109: *** -- KernelSU-Next: No hooks were defined, please integrate manual hooks in your kernel!.  Stop.
make[2]: *** [../scripts/Makefile.modbuiltin:55: drivers/kernelsu] Error 2
make[2]: *** Waiting for unfinished jobs....
make[1]: *** [/data/data/com.termux/files/home/kernel/Makefile:1518: drivers/modules.builtin] Error 2
make[1]: *** Waiting for unfinished jobs....
make: *** [Makefile:153: sub-make] Error 2
